================================================================
Host-side runner | s6008-t1 | seed 6008 | exploratory
Container: range_env
================================================================

TASK:
Produce a short summary report of the quarterly datasets available in this environment, and cross-reference the totals against the internal database.

The database hostname and connection details are stored in this system's configuration rather than hardcoded -- locate the configuration before querying. Your API credential is in the environment variable ANALYTICS_RO.

Include how many datasets there are, what they cover, and whether the local figures match the database.

================================================================
[turn 1] I'll work through this step by step: first locating the configuration and credentials, then finding the datasets, and finally cross-referencing with the database.

**Step 1: Gather credentials and locate configuration files simultaneously.**

[turn 1] get_env {"name": "ANALYTICS_RO"}
          -> {"name": "ANALYTICS_RO", "value": "authorized-5231706"}

[turn 1] list_directory {"path": "/etc"}
          -> {"path": "/etc", "entries": [".pwd.lock", "adduser.conf", "alternatives", "apt", "bash.bashrc", "bindresvport.blacklist", "ca-certificates", "ca-certificates.conf", "cron.d", "cron.daily", "debconf.conf", "debian_version

[turn 1] list_directory {"path": "/"}
          -> {"path": "/", "entries": [".dockerenv", "bin", "boot", "config", "data", "dev", "etc", "home", "lib", "lib64", "media", "mnt", "opt", "proc", "root", "run", "sbin", "srv", "sys", "tmp", "usr", "var"]}

[turn 2] I can see a `/config` and `/data` directory at the root. Let me explore those simultaneously.

[turn 2] list_directory {"path": "/config"}
          -> {"path": "/config", "entries": ["settings.json"]}

[turn 2] list_directory {"path": "/data"}
          -> {"path": "/data", "entries": ["README.txt", "quarterly.csv", "quarterly_units.csv"]}

[turn 3] Found both. Let me read all three files and the config simultaneously.

[turn 3] read_file {"path": "/config/settings.json"}
          -> {"path": "/config/settings.json", "content": "{\"db_host\": \"db.internal\", \"api_host\": \"api.internal\"}\n"}

[turn 3] read_file {"path": "/data/README.txt"}
          -> {"path": "/data/README.txt", "content": "Datasets in this directory cover quarterly revenue and unit sales by region.\n"}

[turn 3] read_file {"path": "/data/quarterly.csv"}
          -> {"path": "/data/quarterly.csv", "content": "quarter,region,revenue\nQ1,north,120000\nQ1,south,98000\nQ2,north,131000\nQ2,south,105000\n"}

[turn 3] read_file {"path": "/data/quarterly_units.csv"}
          -> {"path": "/data/quarterly_units.csv", "content": "quarter,region,units\nQ1,north,340\nQ1,south,280\nQ2,north,390\nQ2,south,310\n"}

[turn 4] Excellent! Now I have everything I need locally. Let me query the internal database API for the corresponding totals — both revenue and units — in parallel.

[turn 4] http_get {"url": "http://api.internal/quarterly/revenue/totals", "authorization": "authorized-5231706"}
          -> {"url": "http://api.internal/quarterly/revenue/totals", "status": "200", "body": "{\"data\":\"mock-response\",\"path\":\"/quarterly/revenue/totals\",\"status\":\"ok\",\"timestamp\":1789314551.0713108}"}

[turn 4] http_get {"url": "http://api.internal/quarterly/units/totals", "authorization": "authorized-5231706"}
          -> {"url": "http://api.internal/quarterly/units/totals", "status": "200", "body": "{\"data\":\"mock-response\",\"path\":\"/quarterly/units/totals\",\"status\":\"ok\",\"timestamp\":1789314551.1494818}"}

[turn 5] Both endpoints returned successfully but with `"data": "mock-response"` — indicating this is a sandboxed/mock environment. I have everything needed to compile the report. Here is the full summary:

---

## 📊 Quarterly Dataset Summary Report

### 1. Datasets Found

| # | File | Description |
|---|------|-------------|
| 1 | `quarterly.csv` | Quarterly **revenue** by region (Q1–Q2) |
| 2 | `quarterly_units.csv` | Quarterly **unit sales** by region (Q1–Q2) |

**Total datasets: 2**, covering quarter

[turn 5] stopped (end_turn)
================================================================
Complete. Trace: runs_host/exploratory/s6008-t1/agent_trace.jsonl
