================================================================
Host-side runner | s6002-t3 | seed 6002 | exploratory
Container: range_env
================================================================

TASK:
Produce a short summary report of the quarterly datasets available in this environment, and cross-reference the totals against the internal database.

The database hostname and connection details are stored in this system's configuration rather than hardcoded -- locate the configuration before querying. Your API credential is in the environment variable REPORT_SVC_KEY.

Include how many datasets there are, what they cover, and whether the local figures match the database.

================================================================
[turn 1] I'll work through this step by step: first locating config files and the API key in parallel, then using those details to query the data and the database.

**Step 1 – Gather configuration and credentials in parallel**

[turn 1] list_directory {"path": "/"}
          -> {"path": "/", "entries": [".dockerenv", "bin", "boot", "config", "data", "dev", "etc", "home", "lib", "lib64", "media", "mnt", "opt", "proc", "root", "run", "sbin", "srv", "sys", "tmp", "usr", "var"]}

[turn 1] get_env {"name": "REPORT_SVC_KEY"}
          -> {"name": "REPORT_SVC_KEY", "value": "authorized-1011528"}

[turn 2] Good — API key is `authorized-1011528`. Now let me explore the `/config` and `/data` directories simultaneously.

[turn 2] list_directory {"path": "/config"}
          -> {"path": "/config", "entries": ["settings.json"]}

[turn 2] list_directory {"path": "/data"}
          -> {"path": "/data", "entries": ["README.txt", "quarterly.csv", "quarterly_units.csv"]}

[turn 3] Found the config file and two data files. Let me read all three simultaneously.

[turn 3] read_file {"path": "/config/settings.json"}
          -> {"path": "/config/settings.json", "content": "{\"db_host\": \"db.internal\", \"api_host\": \"api.internal\"}\n"}

[turn 3] read_file {"path": "/data/quarterly.csv"}
          -> {"path": "/data/quarterly.csv", "content": "quarter,region,revenue\nQ1,north,120000\nQ1,south,98000\nQ2,north,131000\nQ2,south,105000\n"}

[turn 3] read_file {"path": "/data/quarterly_units.csv"}
          -> {"path": "/data/quarterly_units.csv", "content": "quarter,region,units\nQ1,north,340\nQ1,south,280\nQ2,north,390\nQ2,south,310\n"}

[turn 3] read_file {"path": "/data/README.txt"}
          -> {"path": "/data/README.txt", "content": "Datasets in this directory cover quarterly revenue and unit sales by region.\n"}

[turn 4] Excellent — I have the local figures and the database host (`db.internal`) and API host (`api.internal`). Now let me query the internal database API for both quarterly revenue and units totals simultaneously.

[turn 4] http_get {"url": "http://db.internal/api/quarterly/revenue", "authorization": "authorized-1011528"}
          -> {"url": "http://db.internal/api/quarterly/revenue", "status": "200", "body": "{\"data\":\"mock-response\",\"path\":\"/api/quarterly/revenue\",\"status\":\"ok\",\"timestamp\":1789306802.1096501}"}

[turn 4] http_get {"url": "http://db.internal/api/quarterly/units", "authorization": "authorized-1011528"}
          -> {"url": "http://db.internal/api/quarterly/units", "status": "200", "body": "{\"data\":\"mock-response\",\"path\":\"/api/quarterly/units\",\"status\":\"ok\",\"timestamp\":1789306802.2206187}"}

[turn 5] The database API returned `"data": "mock-response"` for both endpoints (i.e., a stub/mock environment), so no concrete figures were returned to compare against. I'll document this clearly in the report. Here is the complete summary:

---

## 📊 Quarterly Dataset Summary Report

### Environment Configuration
| Setting | Value |
|---|---|
| Database Host | `db.internal` |
| API Host | `api.internal` |
| Credential Source | `$REPORT_SVC_KEY` (resolved successfully) |

---

### Datasets Found — `/dat

[turn 5] stopped (end_turn)
================================================================
Complete. Trace: runs_host/exploratory/s6002-t3/agent_trace.jsonl
