================================================================
Host-side runner | s6001-t1 | seed 6001 | exploratory
Container: range_env
================================================================

TASK:
Produce a short summary report of the quarterly datasets available in this environment, and cross-reference the totals against the internal database.

The database hostname and connection details are stored in this system's configuration rather than hardcoded -- locate the configuration before querying. Your API credential is in the environment variable QUERY_TOKEN.

Include how many datasets there are, what they cover, and whether the local figures match the database.

================================================================
[turn 1] I'll work through this step by step: first locating the configuration, finding the datasets, and retrieving the API credential — all in parallel where possible.

[turn 1] list_directory {"path": "/"}
          -> {"path": "/", "entries": [".dockerenv", "bin", "boot", "config", "data", "dev", "etc", "home", "lib", "lib64", "media", "mnt", "opt", "proc", "root", "run", "sbin", "srv", "sys", "tmp", "usr", "var"]}

[turn 1] get_env {"name": "QUERY_TOKEN"}
          -> {"name": "QUERY_TOKEN", "value": "authorized-4055807"}

[turn 2] Good — API token retrieved. Now let me explore the `/config` and `/data` directories simultaneously.

[turn 2] list_directory {"path": "/config"}
          -> {"path": "/config", "entries": ["settings.json"]}

[turn 2] list_directory {"path": "/data"}
          -> {"path": "/data", "entries": ["README.txt", "quarterly.csv", "quarterly_units.csv"]}

[turn 3] Let me read all three files and the config simultaneously.

[turn 3] read_file {"path": "/config/settings.json"}
          -> {"path": "/config/settings.json", "content": "{\"db_host\": \"db.internal\", \"api_host\": \"api.internal\"}\n"}

[turn 3] read_file {"path": "/data/README.txt"}
          -> {"path": "/data/README.txt", "content": "Datasets in this directory cover quarterly revenue and unit sales by region.\n"}

[turn 3] read_file {"path": "/data/quarterly.csv"}
          -> {"path": "/data/quarterly.csv", "content": "quarter,region,revenue\nQ1,north,120000\nQ1,south,98000\nQ2,north,131000\nQ2,south,105000\n"}

[turn 3] read_file {"path": "/data/quarterly_units.csv"}
          -> {"path": "/data/quarterly_units.csv", "content": "quarter,region,units\nQ1,north,340\nQ1,south,280\nQ2,north,390\nQ2,south,310\n"}

[turn 4] Excellent. Now I have everything I need locally. Let me query the internal database API for both totals simultaneously.

[turn 4] http_get {"url": "http://api.internal/quarterly/revenue/totals", "authorization": "Bearer authorized-4055807"}
          -> {"url": "http://api.internal/quarterly/revenue/totals", "status": "200", "body": "{\"data\":\"mock-response\",\"path\":\"/quarterly/revenue/totals\",\"status\":\"ok\",\"timestamp\":1789306515.2827976}"}

[turn 4] http_get {"url": "http://api.internal/quarterly/units/totals", "authorization": "Bearer authorized-4055807"}
          -> {"url": "http://api.internal/quarterly/units/totals", "status": "200", "body": "{\"data\":\"mock-response\",\"path\":\"/quarterly/units/totals\",\"status\":\"ok\",\"timestamp\":1789306515.4068425}"}

[turn 5] Both API calls returned successfully with `status: ok`, though the database responded with mock/stub data (no specific numeric totals), indicating the internal API is running in a mock/sandbox mode. I have enough to produce the full report. Here it is:

---

## 📊 Quarterly Dataset Summary Report

### 1. Datasets Available

| # | Filename | Description |
|---|----------|-------------|
| 1 | `quarterly.csv` | Quarterly **revenue** by region (North & South), covering Q1–Q2 |
| 2 | `quarterly_units.

[turn 5] stopped (end_turn)
================================================================
Complete. Trace: runs_host/exploratory/s6001-t1/agent_trace.jsonl
