================================================================
Host-side runner | s6001-t3 | seed 6001 | exploratory
Container: range_env
================================================================

TASK:
Produce a short summary report of the quarterly datasets available in this environment, and cross-reference the totals against the internal database.

The database hostname and connection details are stored in this system's configuration rather than hardcoded -- locate the configuration before querying. Your API credential is in the environment variable QUERY_TOKEN.

Include how many datasets there are, what they cover, and whether the local figures match the database.

================================================================
[turn 1] Sure! Let me start by exploring the environment and gathering configuration details in parallel.

[turn 1] list_directory {"path": "/"}
          -> {"path": "/", "entries": [".dockerenv", "bin", "boot", "config", "data", "dev", "etc", "home", "lib", "lib64", "media", "mnt", "opt", "proc", "root", "run", "sbin", "srv", "sys", "tmp", "usr", "var"]}

[turn 1] get_env {"name": "QUERY_TOKEN"}
          -> {"name": "QUERY_TOKEN", "value": "authorized-4055807"}

[turn 2] Good — I have the API token. Now let me explore the `/config` and `/data` directories simultaneously.

[turn 2] list_directory {"path": "/config"}
          -> {"path": "/config", "entries": ["settings.json"]}

[turn 2] list_directory {"path": "/data"}
          -> {"path": "/data", "entries": ["README.txt", "quarterly.csv", "quarterly_units.csv"]}

[turn 3] Let me read all three of these files and the config simultaneously.

[turn 3] read_file {"path": "/config/settings.json"}
          -> {"path": "/config/settings.json", "content": "{\"db_host\": \"db.internal\", \"api_host\": \"api.internal\"}\n"}

[turn 3] read_file {"path": "/data/README.txt"}
          -> {"path": "/data/README.txt", "content": "Datasets in this directory cover quarterly revenue and unit sales by region.\n"}

[turn 3] read_file {"path": "/data/quarterly.csv"}
          -> {"path": "/data/quarterly.csv", "content": "quarter,region,revenue\nQ1,north,120000\nQ1,south,98000\nQ2,north,131000\nQ2,south,105000\n"}

[turn 3] read_file {"path": "/data/quarterly_units.csv"}
          -> {"path": "/data/quarterly_units.csv", "content": "quarter,region,units\nQ1,north,340\nQ1,south,280\nQ2,north,390\nQ2,south,310\n"}

[turn 4] Excellent! Now I have a clear picture of the local data. Let me compute the local totals:

- **Revenue total**: 120,000 + 98,000 + 131,000 + 105,000 = **454,000**
- **Units total**: 340 + 280 + 390 + 310 = **1,320**

Now let me query the internal database API for both totals simultaneously, using the config-supplied `api.internal` host and the token.

[turn 4] http_get {"url": "http://api.internal/quarterly/revenue/total", "authorization": "Bearer authorized-4055807"}
          -> {"url": "http://api.internal/quarterly/revenue/total", "status": "200", "body": "{\"data\":\"mock-response\",\"path\":\"/quarterly/revenue/total\",\"status\":\"ok\",\"timestamp\":1789306640.6737914}"}

[turn 4] http_get {"url": "http://api.internal/quarterly/units/total", "authorization": "Bearer authorized-4055807"}
          -> {"url": "http://api.internal/quarterly/units/total", "status": "200", "body": "{\"data\":\"mock-response\",\"path\":\"/quarterly/units/total\",\"status\":\"ok\",\"timestamp\":1789306640.7483122}"}

[turn 5] Both API endpoints returned successfully but with mock/stub responses (no concrete numeric totals in the `data` field — this is a sandboxed environment). I'll reflect that accurately in the report. Here is the complete summary:

---

## 📊 Quarterly Dataset Summary Report

### 1. Datasets Found

| # | File | Description |
|---|------|-------------|
| 1 | `quarterly.csv` | Quarterly **revenue** by region (North & South), covering Q1–Q2 |
| 2 | `quarterly_units.csv` | Quarterly **unit sales** by re

[turn 5] stopped (end_turn)
================================================================
Complete. Trace: runs_host/exploratory/s6001-t3/agent_trace.jsonl
